// Jest Snapshot v1, https://goo.gl/fbAQLP

exports[`Navigation testing 1`] = `
<nav
  className="navbar navbar-expand-md navbar-light bg-light menu-border"
  id="menu1"
>
  <p />
  <button
    aria-controls="menu"
    aria-expanded="false"
    aria-label="Toggle navigation"
    className="navbar-toggler"
    data-target="#test"
    data-toggle="collapse"
    type="button"
  >
    <span
      className="navbar-toggler-icon"
    />
  </button>
  <div
    className="collapse navbar-collapse"
    id="#test"
  >
    <ul
      className="navbar-nav  container justify-content-end"
    >
      <li
        className="nav-item"
      >
        <a
          className="nav-link"
          href="#home"
        >
          home
        </a>
      </li>
      <li
        className="nav-item"
      >
        <a
          className="nav-link"
          href="#about"
        >
          about
        </a>
      </li>
    </ul>
  </div>
</nav>
`;
